[36mvite v5.4.21 [32mbuilding for production...[36m[39m
transforming...
[32mΓ£ô[39m 17 modules transformed.
node.exe : [31mx[39m 
Build failed in 245ms
At line:1 char:1
+ & "C:\Program 
Files\nodejs/node.exe" 
"C:\Program 
Files\nodejs/node_mo ...
+ ~~~~~~~~~~~~~~~~~~~~~~~~~
~~~~~~~~~~~~~~~~~~~~~~~~~~~
~~~~~~~~~~~~~~~~~
    + CategoryInfo         
     : NotSpecified: ([3  
  1mx[39m Build failed    
 in 245ms:String) [], R    
emoteException
    + FullyQualifiedErrorI 
   d : NativeCommandError
 
[31merror during build:
[31m[vite:css] [postcss] E
:/mee-mo/client/src/App.css
:1830:5: Unknown word 
 p o s i t i o n [31m
file: [36mE:/mee-mo/client
/src/App.css:1830:4[31m
    at Input.error (E:\mee-
mo\client\node_modules\post
css\lib\input.js:135:16)
    at Parser.unknownWord (
E:\mee-mo\client\node_modul
es\postcss\lib\parser.js:59
5:22)
    at Parser.decl (E:\mee-
mo\client\node_modules\post
css\lib\parser.js:236:16)
    at Parser.other (E:\mee
-mo\client\node_modules\pos
tcss\lib\parser.js:401:18)
    at Parser.parse (E:\mee
-mo\client\node_modules\pos
tcss\lib\parser.js:472:16)
    at parse (E:\mee-mo\cli
ent\node_modules\postcss\li
b\parse.js:11:12)
    at new LazyResult (E:\m
ee-mo\client\node_modules\p
ostcss\lib\lazy-result.js:1
65:16)
    at Processor.process (E
:\mee-mo\client\node_module
s\postcss\lib\processor.js:
53:14)
    at compileCSS (file:///
E:/mee-mo/client/node_modul
es/vite/dist/node/chunks/de
p-BK3b2jBa.js:36898:59)
    at async 
Object.transform (file:///E
:/mee-mo/client/node_module
s/vite/dist/node/chunks/dep
-BK3b2jBa.js:36171:11)[39m
